[    0.000000] Initializing cgroup subsys cpuset
[    0.000000] Initializing cgroup subsys cpu
[    0.000000] Initializing cgroup subsys cpuacct
[    0.000000] Linux version 4.4.0-83-generic (buildd@lgw01-29) (gcc version 5.4.0 20160609 (Ubuntu 5.4.0-6ubuntu1~16.04.4) ) #106-Ubuntu SMP Mon Jun 26 17:54:43 UTC 2017 (Ubuntu 4.4.0-83.106-generic 4.4.70)
[    0.000000] Command line: BOOT_IMAGE=/boot/vmlinuz-4.4.0-83-generic root=LABEL=cloudimg-rootfs ro console=tty1 console=ttyS0
[    0.000000] KERNEL supported cpus:
[    0.000000]   Intel GenuineIntel
[    0.000000]   AMD AuthenticAMD
[    0.000000]   Centaur CentaurHauls
[    0.000000] x86/fpu: xstate_offset[2]:  576, xstate_sizes[2]:  256
[    0.000000] x86/fpu: Supporting XSAVE feature 0x01: 'x87 floating point registers'
[    0.000000] x86/fpu: Supporting XSAVE feature 0x02: 'SSE registers'
[    0.000000] x86/fpu: Supporting XSAVE feature 0x04: 'AVX registers'
[    0.000000] x86/fpu: Enabled xstate features 0x7, context size is 832 bytes, using 'standard' format.
[    0.000000] x86/fpu: Using 'lazy' FPU context switches.
[    0.000000] e820: BIOS-provided physical RAM map:
[    0.000000] BIOS-e820: [mem 0x0000000000000000-0x000000000009fbff] usable
[    0.000000] BIOS-e820: [mem 0x000000000009fc00-0x000000000009ffff] reserved
[    0.000000] BIOS-e820: [mem 0x00000000000f0000-0x00000000000fffff] reserved
[    0.000000] BIOS-e820: [mem 0x0000000000100000-0x000000001ffeffff] usable
[    0.000000] BIOS-e820: [mem 0x000000001fff0000-0x000000001fffffff] ACPI data
[    0.000000] BIOS-e820: [mem 0x00000000fec00000-0x00000000fec00fff] reserved
[    0.000000] BIOS-e820: [mem 0x00000000fee00000-0x00000000fee00fff] reserved
[    0.000000] BIOS-e820: [mem 0x00000000fffc0000-0x00000000ffffffff] reserved
[    0.000000] NX (Execute Disable) protection: active
[    0.000000] SMBIOS 2.5 present.
[    0.000000] Hypervisor detected: KVM
[    0.000000] e820: last_pfn = 0x1fff0 max_arch_pfn = 0x400000000
[    0.000000] MTRR: Disabled
[    0.000000] x86/PAT: MTRRs disabled, skipping PAT initialization too.
[    0.000000] x86/PAT: Configuration [0-7]: WB  WT  UC- UC  WB  WT  UC- UC  
[    0.000000] CPU MTRRs all blank - virtualized system.
[    0.000000] found SMP MP-table at [mem 0x0009fff0-0x0009ffff] mapped at [ffff88000009fff0]
[    0.000000] Scanning 1 areas for low memory corruption
[    0.000000] RAMDISK: [mem 0x1ecd7000-0x1f769fff]
[    0.000000] ACPI: Early table checksum verification disabled
[    0.000000] ACPI: RSDP 0x00000000000E0000 000024 (v02 VBOX  )
[    0.000000] ACPI: XSDT 0x000000001FFF0030 00003C (v01 VBOX   VBOXXSDT 00000001 ASL  00000061)
[    0.000000] ACPI: FACP 0x000000001FFF00F0 0000F4 (v04 VBOX   VBOXFACP 00000001 ASL  00000061)
[    0.000000] ACPI: DSDT 0x000000001FFF0470 0021C8 (v02 VBOX   VBOXBIOS 00000002 INTL 20100528)
[    0.000000] ACPI: FACS 0x000000001FFF0200 000040
[    0.000000] ACPI: FACS 0x000000001FFF0200 000040
[    0.000000] ACPI: APIC 0x000000001FFF0240 00005C (v02 VBOX   VBOXAPIC 00000001 ASL  00000061)
[    0.000000] ACPI: SSDT 0x000000001FFF02A0 0001CC (v01 VBOX   VBOXCPUT 00000002 INTL 20100528)
[    0.000000] No NUMA configuration found
[    0.000000] Faking a node at [mem 0x0000000000000000-0x000000001ffeffff]
[    0.000000] NODE_DATA(0) allocated [mem 0x1ffeb000-0x1ffeffff]
[    0.000000] kvm-clock: Using msrs 4b564d01 and 4b564d00
[    0.000000] kvm-clock: cpu 0, msr 0:1ffe3001, primary cpu clock
[    0.000000] kvm-clock: using sched offset of 3017979914 cycles
[    0.000000] clocksource: kvm-clock: mask: 0xffffffffffffffff max_cycles: 0x1cd42e4dffb, max_idle_ns: 881590591483 ns
[    0.000000] Zone ranges:
[    0.000000]   DMA      [mem 0x0000000000001000-0x0000000000ffffff]
[    0.000000]   DMA32    [mem 0x0000000001000000-0x000000001ffeffff]
[    0.000000]   Normal   empty
[    0.000000]   Device   empty
[    0.000000] Movable zone start for each node
[    0.000000] Early memory node ranges
[    0.000000]   node   0: [mem 0x0000000000001000-0x000000000009efff]
[    0.000000]   node   0: [mem 0x0000000000100000-0x000000001ffeffff]
[    0.000000] Initmem setup node 0 [mem 0x0000000000001000-0x000000001ffeffff]
[    0.000000] ACPI: PM-Timer IO Port: 0x4008
[    0.000000] IOAPIC[0]: apic_id 2, version 32, address 0xfec00000, GSI 0-23
[    0.000000] ACPI: INT_SRC_OVR (bus 0 bus_irq 0 global_irq 2 dfl dfl)
[    0.000000] ACPI: INT_SRC_OVR (bus 0 bus_irq 9 global_irq 9 high level)
[    0.000000] Using ACPI (MADT) for SMP configuration information
[    0.000000] smpboot: Allowing 2 CPUs, 0 hotplug CPUs
[    0.000000] PM: Registered nosave memory: [mem 0x00000000-0x00000fff]
[    0.000000] PM: Registered nosave memory: [mem 0x0009f000-0x0009ffff]
[    0.000000] PM: Registered nosave memory: [mem 0x000a0000-0x000effff]
[    0.000000] PM: Registered nosave memory: [mem 0x000f0000-0x000fffff]
[    0.000000] e820: [mem 0x20000000-0xfebfffff] available for PCI devices
[    0.000000] Booting paravirtualized kernel on KVM
[    0.000000] clocksource: refined-jiffies: mask: 0xffffffff max_cycles: 0xffffffff, max_idle_ns: 7645519600211568 ns
[    0.000000] setup_percpu: NR_CPUS:512 nr_cpumask_bits:512 nr_cpu_ids:2 nr_node_ids:1
[    0.000000] PERCPU: Embedded 33 pages/cpu @ffff88001fc00000 s98264 r8192 d28712 u1048576
[    0.000000] PV qspinlock hash table entries: 256 (order: 0, 4096 bytes)
[    0.000000] Built 1 zonelists in Node order, mobility grouping on.  Total pages: 128889
[    0.000000] Policy zone: DMA32
[    0.000000] Kernel command line: BOOT_IMAGE=/boot/vmlinuz-4.4.0-83-generic root=LABEL=cloudimg-rootfs ro console=tty1 console=ttyS0
[    0.000000] PID hash table entries: 2048 (order: 2, 16384 bytes)
[    0.000000] Memory: 485668K/523832K available (8469K kernel code, 1294K rwdata, 3984K rodata, 1488K init, 1316K bss, 38164K reserved, 0K cma-reserved)
[    0.000000] SLUB: HWalign=64, Order=0-3, MinObjects=0, CPUs=2, Nodes=1
[    0.000000] Hierarchical RCU implementation.
[    0.000000] 	Build-time adjustment of leaf fanout to 64.
[    0.000000] 	RCU restricting CPUs from NR_CPUS=512 to nr_cpu_ids=2.
[    0.000000] RCU: Adjusting geometry for rcu_fanout_leaf=64, nr_cpu_ids=2
[    0.000000] NR_IRQS:33024 nr_irqs:440 16
[    0.000000] Console: colour VGA+ 80x25
[    0.000000] console [tty1] enabled
[    0.000000] console [ttyS0] enabled
[    0.000000] tsc: Detected 1992.000 MHz processor
[    6.008208] Calibrating delay loop (skipped) preset value.. 3984.00 BogoMIPS (lpj=7968000)
[    6.130412] pid_max: default: 32768 minimum: 301
[    6.217872] ACPI: Core revision 20150930
[    6.268545] ACPI: 2 ACPI AML tables successfully acquired and loaded
[    6.304413] Security Framework initialized
[    6.325042] Yama: becoming mindful.
[    6.343950] AppArmor: AppArmor initialized
[    6.406597] Dentry cache hash table entries: 65536 (order: 7, 524288 bytes)
[    6.486307] Inode-cache hash table entries: 32768 (order: 6, 262144 bytes)
[    6.580714] Mount-cache hash table entries: 1024 (order: 1, 8192 bytes)
[    6.667563] Mountpoint-cache hash table entries: 1024 (order: 1, 8192 bytes)
[    6.760935] Initializing cgroup subsys io
[    6.761949] Initializing cgroup subsys memory
[    6.763362] Initializing cgroup subsys devices
[    6.764431] Initializing cgroup subsys freezer
[    6.817429] Initializing cgroup subsys net_cls
[    6.828662] Initializing cgroup subsys perf_event
[    6.890670] Initializing cgroup subsys net_prio
[    6.954918] Initializing cgroup subsys hugetlb
[    6.967531] Initializing cgroup subsys pids
[    7.016468] CPU: Physical Processor ID: 0
[    7.029870] CPU: Processor Core ID: 0
[    7.031851] mce: CPU supports 0 MCE banks
[    7.032792] Last level iTLB entries: 4KB 64, 2MB 8, 4MB 8
[    7.033942] Last level dTLB entries: 4KB 64, 2MB 0, 4MB 0, 1GB 4
[    7.053730] Freeing SMP alternatives memory: 32K (ffffffff820b9000 - ffffffff820c1000)
[    7.140369] ftrace: allocating 32129 entries in 126 pages
[    7.264375] smpboot: APIC(0) Converting physical 0 to logical package 0
[    7.371855] smpboot: Max logical packages: 1
[    7.421476] x2apic enabled
[    7.472491] Switched APIC routing to physical x2apic.
[    7.505302] ..TIMER: vector=0x30 apic1=0 pin1=2 apic2=-1 pin2=-1
[    7.719616] smpboot: CPU0: Intel(R) Core(TM) i5-6360U CPU @ 2.00GHz (family: 0x6, model: 0x4e, stepping: 0x3)
[    7.826067] Performance Events: unsupported p6 CPU model 78 no PMU driver, software events only.
[    7.877224] KVM setup paravirtual spinlock
[    7.889515] x86: Booting SMP configuration:
[    7.911783] .... node  #0, CPUs:      #1
[    7.912898] kvm-clock: cpu 1, msr 0:1ffe3041, secondary cpu clock
[    7.920946] mce: CPU supports 0 MCE banks
[    7.941114] x86: Booted up 1 node, 2 CPUs
[    7.974678] smpboot: Total of 2 processors activated (7968.00 BogoMIPS)
[    8.039487] devtmpfs: initialized
[    8.083816] evm: security.selinux
[    8.111687] evm: security.SMACK64
[    8.112563] evm: security.SMACK64EXEC
[    8.141153] evm: security.SMACK64TRANSMUTE
[    8.183251] evm: security.SMACK64MMAP
[    8.222824] evm: security.ima
[    8.250930] evm: security.capability
[    8.282156] clocksource: jiffies: mask: 0xffffffff max_cycles: 0xffffffff, max_idle_ns: 7645041785100000 ns
[    8.332595] futex hash table entries: 512 (order: 3, 32768 bytes)
[    8.402702] pinctrl core: initialized pinctrl subsystem
[    8.420829] RTC time: 16:39:25, date: 07/18/17
[    8.422013] NET: Registered protocol family 16
[    8.432735] cpuidle: using governor ladder
[    8.485151] cpuidle: using governor menu
[    8.507233] PCCT header not found.
[    8.520666] ACPI: bus type PCI registered
[    8.572258] acpiphp: ACPI Hot Plug PCI Controller Driver version: 0.5
[    8.628991] PCI: Using configuration type 1 for base access
[    8.688209] ACPI: Added _OSI(Module Device)
[    8.724859] ACPI: Added _OSI(Processor Device)
[    8.771253] ACPI: Added _OSI(3.0 _SCP Extensions)
[    8.772354] ACPI: Added _OSI(Processor Aggregator Device)
[    8.781158] ACPI: Executed 1 blocks of module-level executable AML code
[    8.857011] ACPI: Interpreter enabled
[    8.901586] ACPI: (supports S0 S5)
[    8.941562] ACPI: Using IOAPIC for interrupt routing
[    8.978520] PCI: Using host bridge windows from ACPI; if necessary, use "pci=nocrs" and report a bug
[    9.099631] ACPI: PCI Root Bridge [PCI0] (domain 0000 [bus 00-ff])
[    9.159269] acpi PNP0A03:00: _OSC: OS supports [ASPM ClockPM Segments MSI]
[    9.265460] acpi PNP0A03:00: _OSC failed (AE_NOT_FOUND); disabling ASPM
[    9.327866] acpi PNP0A03:00: fail to add MMCONFIG information, can't access extended PCI configuration space under this bridge.
[    9.425051] PCI host bridge to bus 0000:00
[    9.469582] pci_bus 0000:00: root bus resource [io  0x0000-0x0cf7 window]
[    9.545417] pci_bus 0000:00: root bus resource [io  0x0d00-0xffff window]
[    9.632813] pci_bus 0000:00: root bus resource [mem 0x000a0000-0x000bffff window]
[    9.680208] pci_bus 0000:00: root bus resource [mem 0x20000000-0xffdfffff window]
[    9.736113] pci_bus 0000:00: root bus resource [bus 00-ff]
[    9.757695] pci 0000:00:01.1: legacy IDE quirk: reg 0x10: [io  0x01f0-0x01f7]
[    9.831512] pci 0000:00:01.1: legacy IDE quirk: reg 0x14: [io  0x03f6]
[    9.912665] pci 0000:00:01.1: legacy IDE quirk: reg 0x18: [io  0x0170-0x0177]
[   10.000656] pci 0000:00:01.1: legacy IDE quirk: reg 0x1c: [io  0x0376]
[   10.085790] pci 0000:00:07.0: quirk: [io  0x4000-0x403f] claimed by PIIX4 ACPI
[   10.143517] pci 0000:00:07.0: quirk: [io  0x4100-0x410f] claimed by PIIX4 SMB
[   10.223169] ACPI: PCI Interrupt Link [LNKA] (IRQs 5 9 10 *11)
[   10.291897] ACPI: PCI Interrupt Link [LNKB] (IRQs 5 9 10 *11)
[   10.363252] ACPI: PCI Interrupt Link [LNKC] (IRQs 5 9 *10 11)
[   10.408609] ACPI: PCI Interrupt Link [LNKD] (IRQs 5 *9 10 11)
[   10.431152] ACPI: Enabled 2 GPEs in block 00 to 07
[   10.434162] vgaarb: setting as boot device: PCI:0000:00:02.0
[   10.470341] vgaarb: device added: PCI:0000:00:02.0,decodes=io+mem,owns=io+mem,locks=none
[   10.472174] vgaarb: loaded
[   10.472860] vgaarb: bridge control possible 0000:00:02.0
[   10.532792] SCSI subsystem initialized
[   10.573792] ACPI: bus type USB registered
[   10.608370] usbcore: registered new interface driver usbfs
[   10.645282] usbcore: registered new interface driver hub
[   10.701324] usbcore: registered new device driver usb
[   10.724428] PCI: Using ACPI for IRQ routing
[   10.764026] NetLabel: Initializing
[   10.788445] NetLabel:  domain hash size = 128
[   10.823433] NetLabel:  protocols = UNLABELED CIPSOv4
[   10.858059] NetLabel:  unlabeled traffic allowed by default
[   10.914429] amd_nb: Cannot enumerate AMD northbridges
[   10.940330] clocksource: Switched to clocksource kvm-clock
[   10.979861] AppArmor: AppArmor Filesystem Enabled
[   10.984017] pnp: PnP ACPI init
[   10.992433] pnp: PnP ACPI: found 3 devices
[   11.016442] clocksource: acpi_pm: mask: 0xffffff max_cycles: 0xffffff, max_idle_ns: 2085701024 ns
[   11.023964] NET: Registered protocol family 2
[   11.025466] TCP established hash table entries: 4096 (order: 3, 32768 bytes)
[   11.030080] TCP bind hash table entries: 4096 (order: 4, 65536 bytes)
[   11.142099] TCP: Hash tables configured (established 4096 bind 4096)
[   11.262394] UDP hash table entries: 256 (order: 1, 8192 bytes)
[   11.305421] UDP-Lite hash table entries: 256 (order: 1, 8192 bytes)
[   11.389371] NET: Registered protocol family 1
[   11.479265] pci 0000:00:00.0: Limiting direct PCI/PCI transfers
[   11.576580] pci 0000:00:01.0: Activating ISA DMA hang workarounds
[   11.625820] Unpacking initramfs...
[   13.734832] Freeing initrd memory: 10828K (ffff88001ecd7000 - ffff88001f76a000)
[   13.834170] platform rtc_cmos: registered platform RTC device (no PNP device found)
[   13.912305] Scanning for low memory corruption every 60 seconds
[   13.948615] audit: initializing netlink subsys (disabled)
[   14.002310] audit: type=2000 audit(1500395964.827:1): initialized
[   14.057303] Initialise system trusted keyring
[   14.117343] HugeTLB registered 2 MB page size, pre-allocated 0 pages
[   14.290316] zbud: loaded
[   14.338480] VFS: Disk quotas dquot_6.6.0
[   14.341676] VFS: Dquot-cache hash table entries: 512 (order 0, 4096 bytes)
[   14.358027] squashfs: version 4.0 (2009/01/31) Phillip Lougher
[   14.375207] fuse init (API version 7.23)
[   14.377534] Key type big_key registered
[   14.390361] Allocating IMA MOK and blacklist keyrings.
[   14.403809] Key type asymmetric registered
[   14.411548] Asymmetric key parser 'x509' registered
[   14.418900] Block layer SCSI generic (bsg) driver version 0.4 loaded (major 249)
[   14.431600] io scheduler noop registered
[   14.436849] io scheduler deadline registered (default)
[   14.481767] io scheduler cfq registered
[   14.564920] pci_hotplug: PCI Hot Plug PCI Core version: 0.5
[   14.665293] pciehp: PCI Express Hot Plug Controller Driver version: 0.4
[   14.773099] ACPI: AC Adapter [AC] (off-line)
[   14.875132] tsc: Refined TSC clocksource calibration: 1991.176 MHz
[   15.001530] clocksource: tsc: mask: 0xffffffffffffffff max_cycles: 0x39673d17e25, max_idle_ns: 881590408489 ns
[   15.002088] input: Power Button as /devices/LNXSYSTM:00/LNXPWRBN:00/input/input0
[   15.002090] ACPI: Power Button [PWRF]
[   15.002153] input: Sleep Button as /devices/LNXSYSTM:00/LNXSLPBN:00/input/input1
[   15.002155] ACPI: Sleep Button [SLPF]
[   15.003092] ACPI: Battery Slot [BAT0] (battery present)
[   15.003121] GHES: HEST is not enabled!
[   15.158396] Serial: 8250/16550 driver, 32 ports, IRQ sharing enabled
[   15.275990] 00:02: ttyS0 at I/O 0x3f8 (irq = 4, base_baud = 115200) is a 16550A
[   15.342483] Linux agpgart interface v0.103
[   15.431861] loop: module loaded
[   15.432400] scsi host0: ata_piix
[   15.432447] scsi host1: ata_piix
[   15.432473] ata1: PATA max UDMA/33 cmd 0x1f0 ctl 0x3f6 bmdma 0xd000 irq 14
[   15.432474] ata2: PATA max UDMA/33 cmd 0x170 ctl 0x376 bmdma 0xd008 irq 15
[   15.432544] libphy: Fixed MDIO Bus: probed
[   15.432546] tun: Universal TUN/TAP device driver, 1.6
[   15.432546] tun: (C) 1999-2004 Max Krasnyansky <maxk@qualcomm.com>
[   15.432855] PPP generic driver version 2.4.2
[   15.432907] ehci_hcd: USB 2.0 'Enhanced' Host Controller (EHCI) Driver
[   15.432911] ehci-pci: EHCI PCI platform driver
[   15.432924] ehci-platform: EHCI generic platform driver
[   15.432932] ohci_hcd: USB 1.1 'Open' Host Controller (OHCI) Driver
[   15.432935] ohci-pci: OHCI PCI platform driver
[   15.432942] ohci-platform: OHCI generic platform driver
[   15.432948] uhci_hcd: USB Universal Host Controller Interface driver
[   15.433001] i8042: PNP: PS/2 Controller [PNP0303:PS2K,PNP0f03:PS2M] at 0x60,0x64 irq 1,12
[   15.461761] serio: i8042 KBD port at 0x60,0x64 irq 1
[   15.461766] serio: i8042 AUX port at 0x60,0x64 irq 12
[   15.461900] mousedev: PS/2 mouse device common for all mice
[   15.462221] rtc_cmos rtc_cmos: rtc core: registered rtc_cmos as rtc0
[   15.462282] rtc_cmos rtc_cmos: alarms up to one day, 114 bytes nvram
[   15.462289] i2c /dev entries driver
[   15.462351] device-mapper: uevent: version 1.0.3
[   15.462405] device-mapper: ioctl: 4.34.0-ioctl (2015-10-28) initialised: dm-devel@redhat.com
[   15.462430] ledtrig-cpu: registered to indicate activity on CPUs
[   15.462696] NET: Registered protocol family 10
[   15.462848] NET: Registered protocol family 17
[   15.462859] Key type dns_resolver registered
[   15.580437] microcode: CPU0 sig=0x406e3, pf=0x2, revision=0x0
[   15.580546] microcode: CPU1 sig=0x406e3, pf=0x2, revision=0x0
[   15.580623] microcode: Microcode Update Driver: v2.01 <tigran@aivazian.fsnet.co.uk>, Peter Oruba
[   15.580835] registered taskstats version 1
[   15.580852] Loading compiled-in X.509 certificates
[   15.581705] Loaded X.509 cert 'Build time autogenerated kernel key: 35105354eb779045e4d9ad793dead39d5ee93f76'
[   15.581734] zswap: loaded using pool lzo/zbud
[   15.583769] Key type trusted registered
[   15.586778] Key type encrypted registered
[   15.586785] AppArmor: AppArmor sha1 policy hashing enabled
[   15.586788] ima: No TPM chip found, activating TPM-bypass!
[   15.586809] evm: HMAC attrs: 0x1
[   15.587172]   Magic number: 9:189:692
[   15.625589] rtc_cmos rtc_cmos: setting system clock to 2017-07-18 16:39:32 UTC (1500395972)
[   15.625750] BIOS EDD facility v0.16 2004-Jun-25, 0 devices found
[   15.625751] EDD information not available.
[   15.878531] input: AT Translated Set 2 keyboard as /devices/platform/i8042/serio0/input/input2
[   16.935851] Freeing unused kernel memory: 1488K (ffffffff81f45000 - ffffffff820b9000)
[   17.075826] Write protecting the kernel read-only data: 14336k
[   17.090170] Freeing unused kernel memory: 1760K (ffff880001848000 - ffff880001a00000)
[   17.153415] Freeing unused kernel memory: 112K (ffff880001de4000 - ffff880001e00000)
Loading, please wait...
starting version[   17.220486] random: systemd-udevd: uninitialized urandom read (16 bytes read, 5 bits of entropy available)
 229
[   17.223738] random: udevadm: uninitialized urandom read (16 bytes read, 5 bits of entropy available)
[   17.223862] random: udevadm: uninitialized urandom read (16 bytes read, 5 bits of entropy available)
[   17.223980] random: udevadm: uninitialized urandom read (16 bytes read, 5 bits of entropy available)
[   17.224016] random: udevadm: uninitialized urandom read (16 bytes read, 5 bits of entropy available)
[   17.224051] random: udevadm: uninitialized urandom read (16 bytes read, 5 bits of entropy available)
[   17.224087] random: udevadm: uninitialized urandom read (16 bytes read, 5 bits of entropy available)
[   17.224121] random: udevadm: uninitialized urandom read (16 bytes read, 5 bits of entropy available)
[   17.224153] random: udevadm: uninitialized urandom read (16 bytes read, 5 bits of entropy available)
[   17.224196] random: udevadm: uninitialized urandom read (16 bytes read, 5 bits of entropy available)
[   17.991912] e1000: Intel(R) PRO/1000 Network Driver - version 7.3.21-k8-NAPI
[   17.999619] e1000: Copyright (c) 1999-2006 Intel Corporation.
[   18.007316] Fusion MPT base driver 3.04.20
[   18.029009] Copyright (c) 1999-2008 LSI Corporation
[   18.043133] Fusion MPT SPI Host driver 3.04.20
[   18.058723] AVX version of gcm_enc/dec engaged.
[   18.111013] AES CTR mode by8 optimization enabled
[   18.244346] input: ImExPS/2 Generic Explorer Mouse as /devices/platform/i8042/serio1/input/input4
[   18.452867] e1000 0000:00:03.0 eth0: (PCI:33MHz:32-bit) 02:45:a7:eb:b0:fd
[   18.495833] e1000 0000:00:03.0 eth0: Intel(R) PRO/1000 Network Connection
[   18.545121] mptbase: ioc0: Initiating bringup
[   18.629245] ioc0: LSI53C1030 A0: Capabilities={Initiator}
[   18.962726] scsi host2: ioc0: LSI53C1030 A0, FwRev=00000000h, Ports=1, MaxQ=256, IRQ=20
[   19.092810] scsi 2:0:0:0: Direct-Access     VBOX     HARDDISK         1.0  PQ: 0 ANSI: 5
[   19.125910] scsi target2:0:0: Beginning Domain Validation
[   19.157160] scsi target2:0:0: Domain Validation skipping write tests
[   19.202419] scsi target2:0:0: Ending Domain Validation
[   19.230453] scsi target2:0:0: asynchronous
[   19.235017] scsi 2:0:1:0: Direct-Access     VBOX     HARDDISK         1.0  PQ: 0 ANSI: 5
[   19.250439] scsi target2:0:1: Beginning Domain Validation
[   19.300874] scsi target2:0:1: Domain Validation skipping write tests
[   19.343843] scsi target2:0:1: Ending Domain Validation
[   19.353793] scsi target2:0:1: asynchronous
[   19.393004] sd 2:0:0:0: Attached scsi generic sg0 type 0
[   19.416085] sd 2:0:1:0: Attached scsi generic sg1 type 0
[   19.452181] sd 2:0:0:0: [sda] 20971520 512-byte logical blocks: (10.7 GB/10.0 GiB)
[   19.460763] e1000 0000:00:08.0 eth1: (PCI:33MHz:32-bit) 08:00:27:c9:19:94
[   19.460765] e1000 0000:00:08.0 eth1: Intel(R) PRO/1000 Network Connection
[   19.478319] e1000 0000:00:08.0 enp0s8: renamed from eth1
[   19.560712] sd 2:0:1:0: [sdb] 20480 512-byte logical blocks: (10.5 MB/10.0 MiB)
[   19.799083] sd 2:0:1:0: [sdb] Write Protect is off
[   19.823819] sd 2:0:0:0: [sda] Write Protect is off
[   19.910904] sd 2:0:1:0: [sdb] Incomplete mode parameter data
[   19.912029] e1000 0000:00:03.0 enp0s3: renamed from eth0
[   20.034226] sd 2:0:1:0: [sdb] Assuming drive cache: write through
[   20.119884] sd 2:0:0:0: [sda] Incomplete mode parameter data
[   20.183872] sd 2:0:0:0: [sda] Assuming drive cache: write through
[   20.260493]  sda: sda1
[   20.296764] sd 2:0:0:0: [sda] Attached SCSI disk
[   20.359022] sd 2:0:1:0: [sdb] Attached SCSI disk
[   21.012618] floppy0: no floppy controllers found
Begin: Loading essential drivers[   22.382244] md: linear personality registered for level -1
 ... [   22.472683] md: multipath personality registered for level -4
[   22.543902] md: raid0 personality registered for level 0
[   22.564730] md: raid1 personality registered for level 1
[   22.700469] raid6: sse2x1   gen()  8309 MB/s
[   22.816353] raid6: sse2x1   xor()  5366 MB/s
[   22.916343] raid6: sse2x2   gen() 10182 MB/s
[   23.048698] raid6: sse2x2   xor()  7021 MB/s
[   23.160848] raid6: sse2x4   gen() 11493 MB/s
[   23.280370] raid6: sse2x4   xor()  7862 MB/s
[   23.339606] raid6: using algorithm sse2x4 gen() 11493 MB/s
[   23.405498] raid6: .... xor() 7862 MB/s, rmw enabled
[   23.444982] raid6: using ssse3x2 recovery algorithm
[   23.526029] xor: automatically using best checksumming function:
[   23.620376]    avx       : 14356.000 MB/sec
[   23.635837] async_tx: api initialized (async)
[   23.684299] md: raid6 personality registered for level 6
[   23.767773] md: raid5 personality registered for level 5
[   23.841126] md: raid4 personality registered for level 4
[   23.869112] md: raid10 personality registered for level 10
done.
Begin: Running /scripts/init-p[   23.955967] Btrfs loaded
remount ... done.
Begin: Mounting root file sys[   24.033894] EXT4-fs (sda1): mounted filesystem with ordered data mode. Opts: (null)
tem ... Begin: Running /scripts/local-top ... done.
Begin: Running /scripts/local-premount ... Scanning for Btrfs filesystems
done.
Warning: fsck not present, so skipping root file system
done.
Begin: Running /scripts/local-bottom ... done.
Begin: Running /scripts/init-bottom ... done.
[   24.313148] systemd[1]: systemd 229 running in system mode. (+PAM +AUDIT +SELINUX +IMA +APPARMOR +SMACK +SYSVINIT +UTMP +LIBCRYPTSETUP +GCRYPT +GNUTLS +ACL +XZ -LZ4 +SECCOMP +BLKID +ELFUTILS +KMOD -IDN)
[   24.377157] systemd[1]: Detected virtualization oracle.
[   24.434582] systemd[1]: Detected architecture x86-64.

Welcome to [1mUbuntu 16.04.2 LTS[0m!

[   24.458322] systemd[1]: Set hostname to <ubuntu>.
[   24.490928] systemd[1]: Initializing machine ID from random generator.
[   24.494433] systemd[1]: Installed transient /etc/machine-id file.
[   24.605229] systemd[1]: Created slice System Slice.
[[0;32m  OK  [0m] Created slice System Slice.
[   24.639642] systemd[1]: Reached target Swap.
[[0;32m  OK  [0m] Reached target Swap.
[   24.665163] systemd[1]: Created slice User and Session Slice.
[[0;32m  OK  [0m] Created slice User and Session Slice.
[   24.800795] systemd[1]: Listening on /dev/initctl Compatibility Named Pipe.
[[0;32m  OK  [0m] Listening on /dev/initctl Compatibility Named Pipe.
[   24.876807] systemd[1]: Reached target Encrypted Volumes.
[[0;32m  OK  [0m] Reached target Encrypted Volumes.
[   24.907449] systemd[1]: Reached target Slices.
[[0;32m  OK  [0m] Reached target Slices.
[   24.936576] systemd[1]: Reached target User and Group Name Lookups.
[[0;32m  OK  [0m] Reached target User and Group Name Lookups.
[   24.964651] systemd[1]: Created slice system-serial\x2dgetty.slice.
[[0;32m  OK  [0m] Created slice system-serial\x2dgetty.slice.
[   25.106260] systemd[1]: Started Trigger resolvconf update for networkd DNS.
[[0;32m  OK  [0m] Started Trigger resolvconf update for networkd DNS.
[   25.125191] systemd[1]: Listening on Device-mapper event daemon FIFOs.
[[0;32m  OK  [0m] Listening on Device-mapper event daemon FIFOs.
[   25.196701] systemd[1]: Listening on udev Kernel Socket.
[[0;32m  OK  [0m] Listening on udev Kernel Socket.
[   25.313098] systemd[1]: Set up automount Arbitrary Executable File Formats File System Automount Point.
[[0;32m  OK  [0m] Set up automount Arbitrary Executab...ats File System Automount Point.
[   25.425215] systemd[1]: Listening on LVM2 poll daemon socket.
[[0;32m  OK  [0m] Listening on LVM2 poll daemon socket.
[   25.470961] systemd[1]: Listening on Journal Socket (/dev/log).
[[0;32m  OK  [0m] Listening on Journal Socket (/dev/log).
[   25.484873] systemd[1]: Listening on Syslog Socket.
[[0;32m  OK  [0m] Listening on Syslog Socket.
[   25.522351] systemd[1]: Listening on Journal Audit Socket.
[[0;32m  OK  [0m] Listening on Journal Audit Socket.
[   25.632522] systemd[1]: Started Forward Password Requests to Wall Directory Watch.
[[0;32m  OK  [0m] Started Forward Password Requests to Wall Directory Watch.
[   25.696707] systemd[1]: Listening on Journal Socket.
[[0;32m  OK  [0m] Listening on Journal Socket.
[   25.740788] systemd[1]: Starting Remount Root and Kernel File Systems...
[   25.741206] random: nonblocking pool is initialized
[   25.743439] EXT4-fs (sda1): re-mounted. Opts: (null)
         Starting Remount Root and Kernel File Systems...
[   25.824636] systemd[1]: Starting Create list of required static device nodes for the current kernel...
         Starting Create list of required st... nodes for the current kernel...
[   25.868753] systemd[1]: Starting Nameserver information manager...
         Starting Nameserver information manager...
[   25.973329] systemd[1]: Starting Uncomplicated firewall...
         Starting Uncomplicated firewall...
[   26.060912] systemd[1]: Mounting POSIX Message Queue File System...
         Mounting POSIX Message Queue File System...
[   26.188933] systemd[1]: Starting Load Kernel Modules...
         Startin[   26.198015] Loading iSCSI transport class v2.0-870.
g Load Kernel Modules...
[   26.284266] iscsi: registered transport (tcp)
[   26.415882] iscsi: registered transport (iser)
[   26.416615] systemd[1]: Starting Journal Service...
         Starting Journal Service...
[   26.568610] systemd[1]: Mounting Huge Pages File System...
         Mounting Huge Pages File System...
[   26.683468] systemd[1]: Starting Set console keymap...
         Starting Set console keymap...
[   26.800881] systemd[1]: Mounting Debug File System...
         Mounting Debug File System...
[   26.893101] systemd[1]: Listening on udev Control Socket.
[[0;32m  OK  [0m] Listening on udev Control Socket.
[   26.984681] systemd[1]: Listening on LVM2 metadata daemon socket.
[[0;32m  OK  [0m] Listening on LVM2 metadata daemon socket.
[   27.076611] systemd[1]: Starting Monitoring of LVM2 mirrors, snapshots etc. using dmeventd or progress polling...
         Starting Monitoring of LVM2 mirrors... dmeventd or progress polling...
[   27.163092] systemd[1]: Mounted Debug File System.
[[0;32m  OK  [0m] Mounted Debug File System.
[   27.205295] systemd[1]: Mounted POSIX Message Queue File System.
[[0;32m  OK  [0m] Mounted POSIX Message Queue File System.
[   27.264843] systemd[1]: Mounted Huge Pages File System.
[[0;32m  OK  [0m] Mounted Huge Pages File System.
[   27.284987] systemd[1]: Started Journal Service.
[[0;32m  OK  [0m] Started Journal Service.
[[0;32m  OK  [0m] Started Remount Root and Kernel File Systems.
[[0;32m  OK  [0m] Started Create list of required sta...ce nodes for the current kernel.
[[0;32m  OK  [0m] Started Uncomplicated firewall.
[[0;32m  OK  [0m] Started Load Kernel Modules.
[[0;32m  OK  [0m] Started Set console keymap.
[[0;32m  OK  [0m] Started Nameserver information manager.
[[0;32m  OK  [0m] Started LVM2 metadata daemon.
         Mounting FUSE Control File System...
         Starting Apply Kernel Variables...
         Starting Create Static Device Nodes in /dev...
         Starting udev Coldplug all Devices...
         Starting Load/Save Random Seed...
         Starting Initial cloud-init job (pre-networking)...
         Starting Flush Journal to Persistent Storage...
[[0;32m  OK  [0m] Mounted FUSE Control File System.
[[0;32m  OK  [0m] Started Monitoring of LVM2 mirrors,...ng dmeventd or progress polling.
[[0;32m  OK  [0m] Started Apply Kernel Variables.
[[0;32m  OK  [0m] Started Create Static Device Nodes in /dev.
[[0;32m  OK  [0m] Started Load/Save Random Seed.
[[0;32m  OK  [0m] Started udev Coldplug all Devices.
[[0;32m  OK  [0m] Started Flush Journal to Persistent Storage.
         Starting udev Kernel Device Manager...
[[0;32m  OK  [0m] Started udev Kernel Device Manager.
[[0;32m  OK  [0m] Started Dispatch Password Requests to Console Directory Watch.
[[0;32m  OK  [0m] Reached target Local File Systems (Pre).
[[0;32m  OK  [0m] Reached target Local File Systems.
         Starting Set console font and keymap...
         Starting Create Volatile Files and Directories...
         Starting Commit a transient machine-id on disk...
         Starting Tell Plymouth To Write Out Runtime Data...
         Starting LSB: AppArmor initialization...
[[0;32m  OK  [0m] Started Create Volatile Files and Directories.
[[0;32m  OK  [0m] Started Commit a transient machine-id on disk.
[[0;32m  OK  [0m] Started Tell Plymouth To Write Out Runtime Data.
[   18.868570] cloud-init[450]: Cloud-init v. 0.7.9 running 'init-local' at Tue, 18 Jul 2017 16:39:45 +0000. Up 18.29 seconds.
[[0;32m  OK  [0m] Found device /dev/ttyS0.
[[0;32m  OK  [0m] Started Initial cloud-init job (pre-networking).
[[0;32m  OK  [0m] Started Set console font and keymap.
[[0;32m  OK  [0m] Listening on Load/Save RF Kill Switch Status /dev/rfkill Watch.
[[0;32m  OK  [0m] Created slice system-getty.slice.
[[0;32m  OK  [0m] Reached target Network (Pre).
[[0;32m  OK  [0m] Reached target System Time Synchronized.
         Starting Update UTMP about System Boot/Shutdown...
[[0;32m  OK  [0m] Started LSB: AppArmor initialization.
[[0;32m  OK  [0m] Started Update UTMP about System Boot/Shutdown.
         Starting Raise network interfaces...
[[0;32m  OK  [0m] Started Raise network interfaces.
[[0;32m  OK  [0m] Reached target Network.
         Starting Initial cloud-init job (metadata service crawler)...
[   22.147847] cloud-init[939]: Cloud-init v. 0.7.9 running 'init' at Tue, 18 Jul 2017 16:39:49 +0000. Up 21.71 seconds.
[   22.181638] cloud-init[939]: ci-info: ++++++++++++++++++++++++++++++++++++++Net device info++++++++++++++++++++++++++++++++++++++
[[0;32m  OK  [0m] Started Initial cloud-init job (metadata service crawler).
[   22.294792] cloud-init[939]: ci-info: +--------+-------+----------------------------+---------------+-------+-------------------+
[   22.406028] cloud-init[939]: ci-info: | Device |   Up  |          Address           |      Mask     | Scope |     Hw-Address    |
[   22.517318] cloud-init[939]: ci-info: +--------+-------+----------------------------+---------------+-------+-------------------+
[   22.569776] cloud-init[939]: ci-info: | enp0s3 |  True |         10.0.2.15          | 255.255.255.0 |   .   | 02:45:a7:eb:b0:fd |
[   22.613046] cloud-init[939]: ci-info: | enp0s3 |  True | fe80::45:a7ff:feeb:b0fd/64 |       .       |  link | 02:45:a7:eb:b0:fd |
[   22.661350] cloud-init[939]: ci-info: | enp0s8 | False |             .              |       .       |   .   | 08:00:27:c9:19:94 |
[[0;32m  OK  [0m] Reached target Cloud-config availability.
[[0;32m  OK  [0m] Reached target System Initialization.
[[0;32m  OK  [0m] Started Daily Cleanup of Temporary Directories.
[   22.775529] cloud-init[939]: ci-info: |   lo   |  True |         127.0.0.1          |   255.0.0.0   |   .   |         .         |
[   23.008536] cloud-init[939]: ci-info: |   lo   |  True |          ::1/128           |       .       |  host |         .         |
[   23.096531] cloud-init[939]: ci-info: +--------+-------+----------------------------+---------------+-------+-------------------+
[   23.203302] cloud-init[939]: ci-info: +++++++++++++++++++++++++++Route IPv4 info++++++++++++++++++++++++++++
[   23.321086] cloud-init[939]: ci-info: +-------+-------------+----------+---------------+-----------+-------+
[   23.406340] cloud-init[939]: ci-info: | Route | Destination | Gateway  |    Genmask    | Interface | Flags |
[[0;32m  OK  [0m] Listening on UUID daemon activation socket.
[   23.481819] cloud-init[939]: ci-info: +-------+-------------+----------+---------------+-----------+-------+
[   23.617049] cloud-init[939]: ci-info: |   0   |   0.0.0.0   | 10.0.2.2 |    0.0.0.0    |   enp0s3  |   UG  |
[   23.702134] cloud-init[939]: ci-info: |   1   |   10.0.2.0  | 0.0.0.0  | 255.255.255.0 |   enp0s3  |   U   |
[   23.752028] cloud-init[939]: ci-info: +-------+-------------+----------+---------------+-----------+-------+
         Starting LXD - unix socket.
         Starting Socket activation for snappy daemon.
[   23.788969] cloud-init[939]: Generating public/private rsa key pair.
[   23.895930] [cloud-init[0;32m  OK  [0m[939]: ] Your identification has been saved in /etc/ssh/ssh_host_rsa_key.Started Daily apt activities.

[   23.896430] cloud-init[939]: Your public key has been saved in /etc/ssh/ssh_host_rsa_key.pub.
[[0;32m  OK  [0m] Started ACPI Events Check.
[[0;32m  OK  [0m] Reached target Paths.
[   24.068648] cloud-init[939]: The key fingerprint is:
[   24.152764] [cloud-init[0;32m  OK  [0m[939]: ] SHA256:4ndPQP3fsuFiIFW8KyfunjZQB4rinSJzTkp73KGeREo root@ubuntu-xenialStarted Timer to automatically refresh installed snaps.

[[0;32m  OK  [0m] Reached target Timers.
[[0;32m  OK  [0m] Listening on ACPID Listen Socket.
[   24.153388] cloud-init[939]: The key's randomart image is:
[   24.402261] [cloud-init[0;32m  OK  [0m[939]: ] +---[RSA 2048]----+Listening on D-Bus System Message Bus Socket.

[[0;32m  OK  [0m] Reached target Network is Online.
[   24.402767] cloud-init[939]: |           .     |
[   24.460661]          cloud-init[939]: Starting iSCSI initiator daemon (iscsid)...|          ..o    |

[   24.461482] [cloud-init[0;32m  OK  [0m[939]: ] |       . ..o..   |Listening on LXD - unix socket.

[   24.660399] cloud-init[939]: |    . . ..o o.   |
[[0;32m  OK  [0m] Listening on Socket activation for snappy daemon.
[   24.661353] cloud-init[939]: |  E..o..So.. ..  |
[   24.732549] [cloud-init[0;32m  OK  [0m[939]: ] | .+o=.+.o +.o  ..|Started iSCSI initiator daemon (iscsid).

[   24.844518]          cloud-initStarting Login to default iSCSI targets...[939]: 
| ..X.+...+.=. o o|
[   24.854097] [cloud-init[0;32m  OK  [0m[939]: ] |  o.=... .++o. + |Reached target Sockets.

[   24.902500] [cloud-init[0;32m  OK  [0m] Reached target Basic System.
[939]: |   oo    ++o..o  |
[   24.960746] [cloud-init[0;32m  OK  [0m[939]: ] +----[SHA256]-----+Started Snappy daemon.

[   24.961393] cloud-init[939]: Generating public/private dsa key pair.
         Starting System Logging Service...
[   25.085181] cloud-init[939]: Your identification has been saved in /etc/ssh/ssh_host_dsa_key.
[[0;32m  OK  [0m] Started FUSE filesystem for LXC.
[[0;32m  OK  [0m] Started Unattended Upgrades Shutdown.
[   25.163392] cloud-init[939]: Your public key has been saved in /etc/ssh/ssh_host_dsa_key.pub.
[   25.316372]          cloud-initStarting Login Service...[939]: 
The key fingerprint is:
[   25.376502]          cloud-initStarting Auto import assertions from block devices...[939]: 
SHA256:Fc3WpOgliQKBE3KAcpZ/MEKy7QHmMfF9gAY1ikNJPts root@ubuntu-xenial
[   25.496924] [cloud-init[0;32m  OK  [0m[939]: ] The key's randomart image is:Started Regular background program processing daemon.

[   25.497438] cloud-init[939]: +---[DSA 1024]----+
[   25.566818]          cloud-initStarting /etc/rc.local Compatibility...[939]: 
|B@O*+o    .o o.  |
[   25.628782]          cloud-initStarting Accounts Service...[939]: 
|OO%o=..  . ++..  |
[   25.688508]          cloud-initStarting LSB: MD monitoring daemon...[939]: 
|=B+= +... =.o    |
[   25.689014] cloud-init[939]: | o+.. o. o o     |
[   25.788332]          cloud-initStarting Pollinate to seed the pseudo random number generator...[939]: 
| ..E .  S .      |
[   25.788816] cloud-init[939]: |                 |
[   25.919487] [cloud-init[0;32m  OK  [0m[939]: ] |                 |Started D-Bus System Message Bus.

[   25.920298] cloud-init[939]: |                 |
[   25.976538] [cloud-init[0;32m  OK  [0m[939]: ] |                 |Started ACPI event daemon.

[   25.976996] cloud-init[939]: +----[SHA256]-----+
[   26.100478]          cloud-initStarting LSB: Record successful boot for GRUB...[939]: 
Generating public/private ecdsa key pair.
         Starting LXD - container startup/shutdown...
[   26.179786] cloud-init[939]: Your identification has been saved in /etc/ssh/ssh_host_ecdsa_key.
[   26.224691]          cloud-initStarting Apply the settings specified in cloud-config...[939]: 
Your public key has been saved in /etc/ssh/ssh_host_ecdsa_key.pub.
[   26.255220] [[0;32m  OK  [0m] Started Deferred execution scheduler.
[[0;32m  OK  [0m] Started System Logging Service.
[[0;32m  OK  [0m] Started Auto import assertions from block devices.
cloud-init[939]: The key fingerprint is:
[[0;32m  OK  [0m] Started /etc/rc.local Compatibility.
[[0;32m  OK  [0m] Started LXD - container startup/shutdown.
[   26.302171] cloud-init[939]: SHA256:JC9naaNpQWdxoa6rK+iGKSArqbd7ltQFuU0e4TI9siM root@ubuntu-xenial
[   26.420723] cloud-init[939]: The key's randomart image is:
[   26.452425] cloud-init[939]: +---[ECDSA 256]---+
[   26.488198] [cloud-init[0;32m  OK  [0m[939]: ] |       .o.o.     |Started Login to default iSCSI targets.

[   26.488645] cloud-init[939]: |      ooo+       |
[   26.560525] cloud-init[939]: |      **O.       |
[   26.575623] cloud-init[939]: |     ..%+o       |
[   26.596369] [[0;32m  OK  [0m] Started LSB: Record successful boot for GRUB.
cloud-init[939]: |    E.=.S        |
[[0;32m  OK  [0m] Started LSB: MD monitoring daemon.
[   26.626478] cloud-init[939]: |o   ...@ .       |
[   26.652127] cloud-init[939]: |+= . .=          |
[[0;32m  OK  [0m] Started Login Service.
[   26.666950] cloud-init[939]: |O.o +. .         |
[   26.680536] cloud-init[939]: |Boo*oo.          |
[   26.683872] cloud-init[939]: +----[SHA256]-----+
[   26.700351] cloud-init[939]: Generating public/private ed25519 key pair.
[   26.700537] cloud-init[939]: Your identification has been saved in /etc/ssh/ssh_host_ed25519_key.
[   26.700953] cloud-init[939]: Your public key has been saved in /etc/ssh/ssh_host_ed25519_key.pub.
[   26.701107] cloud-init[939]: The key fingerprint is:
[   26.701209] cloud-init[939]: SHA256:BPUlDOcDXUZsIP/ncB7sIK1ZbezJ7OR88j1IRsUfkv8 root@ubuntu-xenial
[   26.701305] cloud-init[939]: The key's randomart image is:
[   26.701500] cloud-init[939]: +--[ED25519 256]--+
[   26.701627] cloud-init[939]: |      ..=++== o  |
[   26.701822] cloud-init[939]: |       . Bo+oo + |
[   26.702005] cloud-init[939]: |        . =.  + o|
[   26.702139] cloud-init[939]: |       .   + = ..|
[   26.702268] cloud-init[939]: |        S . B O .|
[   26.702366] cloud-init[939]: |           = / oE|
         Starting Authenticate and Authorize Users to Run Privileged Tasks...
[[0;32m  OK  [0m] Reached target Remote File Systems (Pre).
[   26.702578] [[0;32m  OK  [0m] Reached target Remote File Systems.
cloud-init[939]: |          o o @  |
[   26.952344]          cloud-initStarting Permit User Sessions...[939]: 
|             *..o|
         Starting LSB: Set the CPU Frequency Scaling governor to "ondemand"...
[   26.963361] cloud-init[939]: |              +++|
[   27.003271] cloud-init[939]: +----[SHA256]-----+
         Starting LSB: automatic crash report generation...
         Starting LSB: daemon to balance interrupts for SMP systems...
         Starting LSB: VirtualBox Linux Additions...
[[0;32m  OK  [0m] Started Permit User Sessions.
[[0;32m  OK  [0m] Started Authenticate and Authorize Users to Run Privileged Tasks.
[   27.078223] cloud-init[1138]: Generating locales (this might take a while)...
[[0;32m  OK  [0m] Started Accounts Service.
[[0;32m  OK  [0m] Started LSB: Set the CPU Frequency Scaling governor to "ondemand".
[[0;32m  OK  [0m] Started Pollinate to seed the pseudo random number generator.
         Starting OpenBSD Secure Shell server...
         Starting Hold until boot process finishes up...
         Starting Terminate Plymouth Boot Screen...
[[0;32m  OK  [0m] Started LSB: daemon to balance interrupts for SMP systems.
[[0;32m  OK  [0m] Started LSB: automatic crash report generation.
[[0;32m  OK  [0m] Started Hold until boot process finishes up.
[[0;32m  OK  [0m] Started Terminate Plymouth Boot Screen.
[[0;32m  OK  [0m] Started OpenBSD Secure Shell server.
[[0;32m  OK  [0m] Started Getty on tty1.
[[0;32m  OK  [0m] Started Serial Getty on ttyS0.
[[0;32m  OK  [0m] Reached target Login Prompts.
         Starting Set console scheme...
[[0;32m  OK  [0m] Started LSB: VirtualBox Linux Additions.
[[0;32m  OK  [0m] Started Set console scheme.
[[0;32m  OK  [0m] Reached target Multi-User System.
[[0;32m  OK  [0m] Reached target Graphical Interface.
         Starting Update UTMP about System Runlevel Changes...
[[0;32m  OK  [0m] Started Update UTMP about System Runlevel Changes.
[   28.152516] cloud-init[1138]:   en_US.UTF-8... done
[   28.208332] cloud-init[1138]: Generation complete.
         Stopping OpenBSD Secure Shell server...
[[0;32m  OK  [0m] Stopped OpenBSD Secure Shell server.
         Starting OpenBSD Secure Shell server...
[[0;32m  OK  [0m] Started OpenBSD Secure Shell server.
[[0;32m  OK  [0m] Created slice User Slice of ubuntu.
         Starting User Manager for UID 1000...
[[0;32m  OK  [0m] Started Session 1 of user ubuntu.
[[0;32m  OK  [0m] Started User Manager for UID 1000.
[   28.740929] cloud-init[1138]: Cloud-init v. 0.7.9 running 'modules:config' at Tue, 18 Jul 2017 16:39:53 +0000. Up 26.64 seconds.
[[0;32m  OK  [0m] Started Apply the settings specified in cloud-config.
         Starting Execute cloud user/final scripts...
ci-info: no authorized ssh keys fingerprints found for user ubuntu.
<14>Jul 18 16:39:56 ec2: 
<14>Jul 18 16:39:56 ec2: #############################################################
<14>Jul 18 16:39:56 ec2: -----BEGIN SSH HOST KEY FINGERPRINTS-----
<14>Jul 18 16:39:56 ec2: 1024 SHA256:Fc3WpOgliQKBE3KAcpZ/MEKy7QHmMfF9gAY1ikNJPts root@ubuntu-xenial (DSA)
<14>Jul 18 16:39:56 ec2: 256 SHA256:JC9naaNpQWdxoa6rK+iGKSArqbd7ltQFuU0e4TI9siM root@ubuntu-xenial (ECDSA)
<14>Jul 18 16:39:56 ec2: 256 SHA256:BPUlDOcDXUZsIP/ncB7sIK1ZbezJ7OR88j1IRsUfkv8 root@ubuntu-xenial (ED25519)
<14>Jul 18 16:39:56 ec2: 2048 SHA256:4ndPQP3fsuFiIFW8KyfunjZQB4rinSJzTkp73KGeREo root@ubuntu-xenial (RSA)
<14>Jul 18 16:39:56 ec2: -----END SSH HOST KEY FINGERPRINTS-----
<14>Jul 18 16:39:56 ec2: #############################################################
-----BEGIN SSH HOST KEY KEYS-----
ecdsa-sha2-nistp256 AAAAE2VjZHNhLXNoYTItbmlzdHAyNTYAAAAIbmlzdHAyNTYAAABBBDGhXxtWHLrnutjLpxnxdmPYyClrdGUk0IWgJBwJ5nE40SvQAcG2DPB29OhjDaA3BrvGocI3kjaXKqg6xe8z4cw= root@ubuntu-xenial
ssh-ed25519 AAAAC3NzaC1lZDI1NTE5AAAAIO1OQjAoniWfdtAxGano2J4pNnz5N/aTK8Twn+ECMW3O root@ubuntu-xenial
ssh-rsa AAAAB3NzaC1yc2EAAAADAQABAAABAQDClWDkxIrmL4kLliNbm9DMaj9TUAhqeYN2bckZLhIxLhaeD5u3jgM93PdTVoT8L+7ZVp9vmrfbzHlnEunGgDGVfRPa2OjVDGdQXkhlZhOas//kXiHhj6EAFFgf2cNrrJ65lsw3UvLy47G3hm4yhsjEJUV+6jjjJlzcg8Rfpy93aYh4lZTN2KbnbYP8N2wyZBE09TwlzSLTQn8DYf7yFBz20rKJQ8v902NcdvxG8jQp/JKeUptRhIXLCGHcEScSyjv66p+pTN1y0vG35EQbjIJTI8ZM50tnk7M6IibYAl2Jmku3X2b11Eb5Ar4EAe8u4ZLrAAhspG/5UnJpzFVYNE3N root@ubuntu-xenial
-----END SSH HOST KEY KEYS-----
[   29.864743] cloud-init[1373]: Cloud-init v. 0.7.9 running 'modules:final' at Tue, 18 Jul 2017 16:39:56 +0000. Up 29.22 seconds.
[   29.879937] cloud-init[1373]: ci-info: no authorized ssh keys fingerprints found for user ubuntu.
[   29.900768] cloud-init[1373]: Cloud-init v. 0.7.9 finished at Tue, 18 Jul 2017 16:39:57 +0000. Datasource DataSourceNoCloud [seed=/dev/sdb][dsmode=net].  Up 29.84 seconds
[[0;32m  OK  [0m] Started Execute cloud user/final scripts.
[[0;32m  OK  [0m] Reached target Cloud-init target.

Ubuntu 16.04.2 LTS ubuntu-xenial ttyS0

ubuntu-xenial login: 